// Jest Snapshot v1, https://goo.gl/fbAQLP

exports[`RestaurantCard Component matches snapshot 1`] = `
<DocumentFragment>
  <div
    class="bg-white rounded-lg shadow-md p-6"
  >
    <h2
      class="text-2xl font-semibold mb-2"
    >
      Test Restaurant
    </h2>
    <p
      class="text-gray-600 mb-2"
    >
      123 Test St, Test City
    </p>
    <p
      class="text-gray-600 mb-4"
    >
      Phone: 555-1234
    </p>
    <div
      class="flex items-center mb-4"
    >
      <span
        class="text-yellow-500 mr-2"
      >
        Overall Rating:
      </span>
      <span
        class="font-bold"
      >
        4.3
      </span>
    </div>
    <div
      class="flex space-x-4 mb-4"
    >
      <div
        class="flex items-center"
      >
        <span
          class="text-green-500 mr-1"
        >
          Vegan:
        </span>
        <span>
          4.1
        </span>
      </div>
      <div
        class="flex items-center"
      >
        <span
          class="text-blue-500 mr-1"
        >
          Gluten-Free:
        </span>
        <span>
          3.7
        </span>
      </div>
      <div
        class="flex items-center"
      >
        <span
          class="text-purple-500 mr-1"
        >
          Vegetarian:
        </span>
        <span>
          4.9
        </span>
      </div>
    </div>
    <a
      data-discover="true"
      href="/restaurant/123"
    >
      <button
        class="bg-red-500 text-white px-4 py-2 rounded-md hover:bg-red-600"
      >
        View Details
      </button>
    </a>
  </div>
</DocumentFragment>
`;
